mkdir -p build
<verilator>/bin/verilator --cc --exe --build --timing --assert --trace -j 8 --top-module tb_top \
	  --Mdir build/obj -Wno-fatal +define+UVM_NO_DPI +incdir+<project>/third_party/uvm/src \
	  tb/trace.vlt <project>/third_party/uvm/src/uvm_pkg.sv rtl/apb_memory.sv tb/apb_if.sv tb/apb_pkg.sv tb/tb_top.sv <project>/tb/sim_main.cpp > build/compile.log 2>&1 || \
	  { tail -100 build/compile.log; exit 1; }
python3 scripts/run_test.py --seed 1 --seed 42 --seed 2026
%Warning: System has stack size 65520 kb which may be too small; failed to request more using 'ulimit -s 178809037'
UVM_INFO <project>/third_party/uvm/src/base/uvm_root.svh(476) @ 0: reporter [UVM/RELNOTES]
  ***********       IMPORTANT RELEASE NOTES         ************

  This implementation of the UVM Library deviates from the 1800.2-2020
  standard.  See the DEVIATIONS.md file contained in the release
  for more details.

----------------------------------------------------------------
Accellera:1800.2:UVM:2020.3.1

All copyright owners for this kit are listed in NOTICE.txt
All Rights Reserved Worldwide
----------------------------------------------------------------

      (Specify +UVM_NO_RELNOTES to turn off this notice)

UVM_WARNING <project>/third_party/uvm/src/base/uvm_root.svh(549) @ 0: reporter [NO_DPI_USED] We are thinking of removing support for UVM_NO_DPI.  Please try this test without it and evaluate the impact
UVM_INFO @ 0: reporter [RNTST] Running test apb_test...
UVM_INFO <project>/third_party/uvm/src/base/uvm_traversal.svh(345) @ 0: reporter [UVM/COMP/NAMECHECK] This implementation of the component name checks requires DPI to be enabled
UVM_WARNING <project>/third_party/uvm/src/base/uvm_traversal.svh(314) @ 0: reporter [NO_VISIT_CHECK] Because UVM_REGEX_NO_DPI is defined, no uvm component name constraints will be checked
UVM_INFO tb/apb_pkg.sv(151) @ 12520000: uvm_test_top.env.scoreboard [APB_STATS] transfers=312 reads=154 writes=154 errors=4 partial_writes=137 waited=312
UVM_INFO <project>/third_party/uvm/src/base/uvm_report_server.svh(1009) @ 12520000: reporter [UVM/REPORT/SERVER]
--- UVM Report Summary ---

** Report counts by severity
UVM_INFO :    4
UVM_WARNING :    2
UVM_ERROR :    0
UVM_FATAL :    0
** Report counts by id
[APB_STATS]     1
[NO_DPI_USED]     1
[NO_VISIT_CHECK]     1
[RNTST]     1
[UVM/COMP/NAMECHECK]     1
[UVM/RELNOTES]     1

- <project>/third_party/uvm/src/base/uvm_root.svh:633: Verilog $finish
- S i m u l a t i o n   R e p o r t: Verilator 5.050 2026-07-01
- Verilator: $finish at 13us; walltime 0.034 s; speed 371.436 us/s
- Verilator: cpu 0.034 s on 1 threads; allocated 14 MB

PASS seed=1; {'rising_edges': 1252, 'setups': 312, 'completions': 312, 'waited': 312, 'errors': 4}; waveform_end=12520000 ps
%Warning: System has stack size 65520 kb which may be too small; failed to request more using 'ulimit -s 178809037'
UVM_INFO <project>/third_party/uvm/src/base/uvm_root.svh(476) @ 0: reporter [UVM/RELNOTES]
  ***********       IMPORTANT RELEASE NOTES         ************

  This implementation of the UVM Library deviates from the 1800.2-2020
  standard.  See the DEVIATIONS.md file contained in the release
  for more details.

----------------------------------------------------------------
Accellera:1800.2:UVM:2020.3.1

All copyright owners for this kit are listed in NOTICE.txt
All Rights Reserved Worldwide
----------------------------------------------------------------

      (Specify +UVM_NO_RELNOTES to turn off this notice)

UVM_WARNING <project>/third_party/uvm/src/base/uvm_root.svh(549) @ 0: reporter [NO_DPI_USED] We are thinking of removing support for UVM_NO_DPI.  Please try this test without it and evaluate the impact
UVM_INFO @ 0: reporter [RNTST] Running test apb_test...
UVM_INFO <project>/third_party/uvm/src/base/uvm_traversal.svh(345) @ 0: reporter [UVM/COMP/NAMECHECK] This implementation of the component name checks requires DPI to be enabled
UVM_WARNING <project>/third_party/uvm/src/base/uvm_traversal.svh(314) @ 0: reporter [NO_VISIT_CHECK] Because UVM_REGEX_NO_DPI is defined, no uvm component name constraints will be checked
UVM_INFO tb/apb_pkg.sv(151) @ 12520000: uvm_test_top.env.scoreboard [APB_STATS] transfers=312 reads=157 writes=151 errors=4 partial_writes=141 waited=312
UVM_INFO <project>/third_party/uvm/src/base/uvm_report_server.svh(1009) @ 12520000: reporter [UVM/REPORT/SERVER]
--- UVM Report Summary ---

** Report counts by severity
UVM_INFO :    4
UVM_WARNING :    2
UVM_ERROR :    0
UVM_FATAL :    0
** Report counts by id
[APB_STATS]     1
[NO_DPI_USED]     1
[NO_VISIT_CHECK]     1
[RNTST]     1
[UVM/COMP/NAMECHECK]     1
[UVM/RELNOTES]     1

- <project>/third_party/uvm/src/base/uvm_root.svh:633: Verilog $finish
- S i m u l a t i o n   R e p o r t: Verilator 5.050 2026-07-01
- Verilator: $finish at 13us; walltime 0.022 s; speed 577.891 us/s
- Verilator: cpu 0.022 s on 1 threads; allocated 14 MB

PASS seed=42; {'rising_edges': 1252, 'setups': 312, 'completions': 312, 'waited': 312, 'errors': 4}; waveform_end=12520000 ps
%Warning: System has stack size 65520 kb which may be too small; failed to request more using 'ulimit -s 178809037'
UVM_INFO <project>/third_party/uvm/src/base/uvm_root.svh(476) @ 0: reporter [UVM/RELNOTES]
  ***********       IMPORTANT RELEASE NOTES         ************

  This implementation of the UVM Library deviates from the 1800.2-2020
  standard.  See the DEVIATIONS.md file contained in the release
  for more details.

----------------------------------------------------------------
Accellera:1800.2:UVM:2020.3.1

All copyright owners for this kit are listed in NOTICE.txt
All Rights Reserved Worldwide
----------------------------------------------------------------

      (Specify +UVM_NO_RELNOTES to turn off this notice)

UVM_WARNING <project>/third_party/uvm/src/base/uvm_root.svh(549) @ 0: reporter [NO_DPI_USED] We are thinking of removing support for UVM_NO_DPI.  Please try this test without it and evaluate the impact
UVM_INFO @ 0: reporter [RNTST] Running test apb_test...
UVM_INFO <project>/third_party/uvm/src/base/uvm_traversal.svh(345) @ 0: reporter [UVM/COMP/NAMECHECK] This implementation of the component name checks requires DPI to be enabled
UVM_WARNING <project>/third_party/uvm/src/base/uvm_traversal.svh(314) @ 0: reporter [NO_VISIT_CHECK] Because UVM_REGEX_NO_DPI is defined, no uvm component name constraints will be checked
UVM_INFO tb/apb_pkg.sv(151) @ 12520000: uvm_test_top.env.scoreboard [APB_STATS] transfers=312 reads=144 writes=164 errors=4 partial_writes=154 waited=312
UVM_INFO <project>/third_party/uvm/src/base/uvm_report_server.svh(1009) @ 12520000: reporter [UVM/REPORT/SERVER]
--- UVM Report Summary ---

** Report counts by severity
UVM_INFO :    4
UVM_WARNING :    2
UVM_ERROR :    0
UVM_FATAL :    0
** Report counts by id
[APB_STATS]     1
[NO_DPI_USED]     1
[NO_VISIT_CHECK]     1
[RNTST]     1
[UVM/COMP/NAMECHECK]     1
[UVM/RELNOTES]     1

- <project>/third_party/uvm/src/base/uvm_root.svh:633: Verilog $finish
- S i m u l a t i o n   R e p o r t: Verilator 5.050 2026-07-01
- Verilator: $finish at 13us; walltime 0.021 s; speed 586.664 us/s
- Verilator: cpu 0.021 s on 1 threads; allocated 14 MB

PASS seed=2026; {'rising_edges': 1252, 'setups': 312, 'completions': 312, 'waited': 312, 'errors': 4}; waveform_end=12520000 ps
